TAP version 13
# Subtest: registry resolves exact assertion through discovered required inventory and shard
ok 1 - registry resolves exact assertion through discovered required inventory and shard
  ---
  duration_ms: 0.757625
  type: 'test'
  ...
# Subtest: registry rejects missing owner
ok 2 - registry rejects missing owner
  ---
  duration_ms: 0.272333
  type: 'test'
  ...
# Subtest: registry rejects missing file
ok 3 - registry rejects missing file
  ---
  duration_ms: 0.134917
  type: 'test'
  ...
# Subtest: registry rejects undiscovered assertion
ok 4 - registry rejects undiscovered assertion
  ---
  duration_ms: 0.071875
  type: 'test'
  ...
# Subtest: registry rejects ambiguous assertion
ok 5 - registry rejects ambiguous assertion
  ---
  duration_ms: 0.126083
  type: 'test'
  ...
# Subtest: registry rejects optional-only route
ok 6 - registry rejects optional-only route
  ---
  duration_ms: 0.068584
  type: 'test'
  ...
# Subtest: registry rejects optional case claimed as required
ok 7 - registry rejects optional case claimed as required
  ---
  duration_ms: 0.118458
  type: 'test'
  ...
# Subtest: registry rejects disabled/discovery-excluded lane
ok 8 - registry rejects disabled/discovery-excluded lane
  ---
  duration_ms: 0.056709
  type: 'test'
  ...
# Subtest: registry rejects renamed assertion
ok 9 - registry rejects renamed assertion
  ---
  duration_ms: 0.30375
  type: 'test'
  ...
# Subtest: registry rejects duplicate stable IDs before discovery
ok 10 - registry rejects duplicate stable IDs before discovery
  ---
  duration_ms: 0.522041
  type: 'test'
  ...
# Subtest: discovery rejects zero and ambiguous matches
ok 11 - discovery rejects zero and ambiguous matches
  ---
  duration_ms: 0.222834
  type: 'test'
  ...
# Subtest: proof classifier rejects actual empty, skipped, wrong and import-failed runs
ok 12 - proof classifier rejects actual empty, skipped, wrong and import-failed runs
  ---
  duration_ms: 3575.052417
  type: 'test'
  ...
# Subtest: proof identity rejects stale test and runner bytes, and stale receipt digest
ok 13 - proof identity rejects stale test and runner bytes, and stale receipt digest
  ---
  duration_ms: 8.8615
  type: 'test'
  ...
# Subtest: bounded subprocess runner stops only its own timed-out or cancelled child
ok 14 - bounded subprocess runner stops only its own timed-out or cancelled child
  ---
  duration_ms: 207.314917
  type: 'test'
  ...
1..14
# tests 14
# suites 0
# pass 14
# fail 0
# cancelled 0
# skipped 0
# todo 0
# duration_ms 4030.11575
